============================================================
TESTING AGENT WITH REAL LOVABLE TASK
============================================================

Task: Navigate to https://lovable.dev and check if you are logged in. Report the current user or login status.

Starting agent execution...
2025-11-23 18:38:50 [info     ] run_browser_agent called       task='Navigate to https://lovable.dev and check if you are logged in. Report the current user or login status.'
2025-11-23 18:38:50 [info     ] === BROWSER AGENT EXECUTION START ===
2025-11-23 18:38:50 [info     ] Task execution started         task='Navigate to https://lovable.dev and check if you are logged in. Report the current user or login status.'
2025-11-23 18:38:50 [info     ] ENVIRONMENT VALIDATION:
2025-11-23 18:38:50 [info     ] Environment after .env load    api_key_length_after_load=73 has_key_after_load=True
2025-11-23 18:38:50 [info     ] BROWSER INITIALIZATION DIAGNOSTICS:
2025-11-23 18:38:50 [info     ] Browser config                 headless=true height=1080 width=1440
2025-11-23 18:38:50 [info     ] AUTHENTICATION DIAGNOSTICS:
2025-11-23 18:38:50 [info     ] Auth state validation          auth_exists_flag=True auth_file_exists=True auth_file_path=C:\Users\zamma\Desktop\docs\projects\browser_use_lovable\auth.json auth_file_size_bytes=52816
2025-11-23 18:38:50 [info     ] LLM API DIAGNOSTICS:
2025-11-23 18:38:50 [info     ] LLM config validation          api_key_length=73 has_api_key=True model=openai/gpt-5-mini provider=openrouter temperature=0.2
2025-11-23 18:38:50 [info     ] DIRECT PYTHON API EXECUTION:
2025-11-23 18:38:50 [info     ] Using mcp_server_browser_use.run_agents.run_browser_agent
2025-11-23 18:38:50 [info     ] Attempt 1 started              attempt_time=0.001810312271118164
2025-11-23 18:38:53 [info     ] Calling run_browser_agent directly task='Navigate to https://lovable.dev and check if you are logged in. Report the current user or login status.' timeout=600
2025-11-23 18:38:53 [info     ] AUTHENTICATION STATE BEFORE EXECUTION: auth_exists=True auth_path=C:\Users\zamma\Desktop\docs\projects\browser_use_lovable\auth.json env_storage_state=C:\Users\zamma\Desktop\docs\projects\browser_use_lovable\auth.json
python : C:\Users\zamma\Desktop\docs\projects\browser_use_lovable\.venv\Lib\site-packages\browser_use\agent\service.py:247: UserWarning: 
pkg_resources is deprecated as an API. See https://setuptools.pypa.io/en/latest/pkg_resources.html. The pkg_resources package is slated for removal 
as early as 2025-11-30. Refrain from using this package or pin to Setuptools<81.
In riga:1 car:1
+ python test_real_task.py > test_output.txt 2>&1
+ ~~~~~~~~~~~~~~~~~~~~~~~~~~~~~~~~~~~~~~~~~~~~~~~
    + CategoryInfo          : NotSpecified: (C:\Users\zamma\... Setuptools<81.:String) [], RemoteException
    + FullyQualifiedErrorId : NativeCommandError
 
  import pkg_resources
C:\Users\zamma\Desktop\docs\projects\browser_use_lovable\.venv\Lib\site-packages\browser_use\agent\message_manager\views.py:59: 
LangChainBetaWarning: The function `load` is in beta. It is actively being worked on, so the API may change.
  value['message'] = load(value['message'])
2025-11-23 18:39:20 [info     ] === EXECUTION COMPLETE ===
2025-11-23 18:39:20 [info     ] Browser agent execution succeeded elapsed_time=29.399888515472412 result_type=tuple
2025-11-23 18:39:20 [info     ] === EXECUTION SUCCESS ===
2025-11-23 18:39:20 [info     ] Browser agent succeeded        output_length=1981 success_time=29.401895761489868

============================================================
EXECUTION COMPLETED
============================================================
Time elapsed: 29.4s
Success: True

[SUCCESS] Task completed successfully!
Result: ("Result: Not logged in. Evidence: the page header contains a visible 'Log in' button (interactive element index 4) and a 'Get started' button (index 5). I do not see any user avatar, username, or account menu in the header or page that would indicate an authenticated session. Cookie consent popup is present but unrelated to authentication. Conclusion: current user is not logged in on https://lovable.dev.", [None, None], [{'go_to_url': {'url': 'https://lovable.dev'}, 'interacted_element': None},

Full result keys: ['ok', 'result_text']
